
> portfolio@0.0.0 build
> vite build

[36mvite v8.0.1 [32mbuilding client environment for production...[36m[39m
[2K
transforming...Γ£ô 458 modules transformed.
rendering chunks...
computing gzip size...
dist/index.html                   0.45 kB Γöé gzip:   0.29 kB
dist/assets/index-BFbsplnG.css   18.51 kB Γöé gzip:   4.39 kB
dist/assets/index-C149eR8f.js   408.59 kB Γöé gzip: 128.53 kB

[32mΓ£ô built in 815ms[39m
